<?xml version="1.0" encoding="UTF-8"?>
<testsuites name="Mocha Tests" time="0.006" tests="70" failures="0">
  <testsuite name="Root Suite" timestamp="2019-11-01T17:22:34" tests="0" failures="0" time="0">
  </testsuite>
  <testsuite name="cache" timestamp="2019-11-01T17:22:34" tests="0" file="/home/yohny/web/at11/dist/test/cache.js" failures="0" time="0">
  </testsuite>
  <testsuite name="set" timestamp="2019-11-01T17:22:34" tests="2" file="/home/yohny/web/at11/dist/test/cache.js" failures="0" time="0">
    <testcase name="cache set should exists" time="0" classname="should exists">
    </testcase>
    <testcase name="cache set should not throw exception" time="0" classname="should not throw exception">
    </testcase>
  </testsuite>
  <testsuite name="get" timestamp="2019-11-01T17:22:34" tests="4" file="/home/yohny/web/at11/dist/test/cache.js" failures="0" time="0.003">
    <testcase name="cache get should exists" time="0" classname="should exists">
    </testcase>
    <testcase name="cache get should not found what wasn&apos;t stored" time="0" classname="should not found what wasn&apos;t stored">
    </testcase>
    <testcase name="cache get should found what was stored" time="0" classname="should found what was stored">
    </testcase>
    <testcase name="cache get should expire" time="0.003" classname="should expire">
    </testcase>
  </testsuite>
  <testsuite name="itb" timestamp="2019-11-01T17:22:34" tests="0" file="/home/yohny/web/at11/dist/test/itb.js" failures="0" time="0">
  </testsuite>
  <testsuite name="parsing sample 2015-29-07" timestamp="2019-11-01T17:22:34" tests="10" file="/home/yohny/web/at11/dist/test/itb.js" failures="0" time="0.001">
    <testcase name="itb parsing sample 2015-29-07 should return 9 items" time="0" classname="should return 9 items">
    </testcase>
    <testcase name="itb parsing sample 2015-29-07 1st item correct" time="0.001" classname="1st item correct">
    </testcase>
    <testcase name="itb parsing sample 2015-29-07 2nd item correct" time="0" classname="2nd item correct">
    </testcase>
    <testcase name="itb parsing sample 2015-29-07 3rd item correct" time="0" classname="3rd item correct">
    </testcase>
    <testcase name="itb parsing sample 2015-29-07 4th item correct" time="0" classname="4th item correct">
    </testcase>
    <testcase name="itb parsing sample 2015-29-07 5th item correct" time="0" classname="5th item correct">
    </testcase>
    <testcase name="itb parsing sample 2015-29-07 6th item correct" time="0" classname="6th item correct">
    </testcase>
    <testcase name="itb parsing sample 2015-29-07 7th item correct" time="0" classname="7th item correct">
    </testcase>
    <testcase name="itb parsing sample 2015-29-07 8th item correct" time="0" classname="8th item correct">
    </testcase>
    <testcase name="itb parsing sample 2015-29-07 9th item correct" time="0" classname="9th item correct">
    </testcase>
  </testsuite>
  <testsuite name="kamenica" timestamp="2019-11-01T17:22:34" tests="0" file="/home/yohny/web/at11/dist/test/kamenica.js" failures="0" time="0">
  </testsuite>
  <testsuite name="parsing sample 2015-07-29" timestamp="2019-11-01T17:22:34" tests="6" file="/home/yohny/web/at11/dist/test/kamenica.js" failures="0" time="0">
    <testcase name="kamenica parsing sample 2015-07-29 should return 5 items" time="0" classname="should return 5 items">
    </testcase>
    <testcase name="kamenica parsing sample 2015-07-29 1st item correct" time="0" classname="1st item correct">
    </testcase>
    <testcase name="kamenica parsing sample 2015-07-29 2nd item correct" time="0" classname="2nd item correct">
    </testcase>
    <testcase name="kamenica parsing sample 2015-07-29 3rd item correct" time="0" classname="3rd item correct">
    </testcase>
    <testcase name="kamenica parsing sample 2015-07-29 4th item correct" time="0" classname="4th item correct">
    </testcase>
    <testcase name="kamenica parsing sample 2015-07-29 5th item correct" time="0" classname="5th item correct">
    </testcase>
  </testsuite>
  <testsuite name="Parser Utils" timestamp="2019-11-01T17:22:34" tests="0" file="/home/yohny/web/at11/dist/test/parserUtil.js" failures="0" time="0">
  </testsuite>
  <testsuite name="Parse price" timestamp="2019-11-01T17:22:34" tests="14" file="/home/yohny/web/at11/dist/test/parserUtil.js" failures="0" time="0.002">
    <testcase name="Parser Utils Parse price Hodnota stravy: 3,50 Eur" time="0.001" classname="Hodnota stravy: 3,50 Eur">
    </testcase>
    <testcase name="Parser Utils Parse price text 3,50 € text" time="0" classname="text 3,50 € text">
    </testcase>
    <testcase name="Parser Utils Parse price text text 3,50, Eur" time="0" classname="text text 3,50, Eur">
    </testcase>
    <testcase name="Parser Utils Parse price text3.50 € text" time="0" classname="text3.50 € text">
    </testcase>
    <testcase name="Parser Utils Parse price text 3.50 Eur text" time="0" classname="text 3.50 Eur text">
    </testcase>
    <testcase name="Parser Utils Parse price text 3.50EUR text" time="0" classname="text 3.50EUR text">
    </testcase>
    <testcase name="Parser Utils Parse price text3,50. € text" time="0" classname="text3,50. € text">
    </testcase>
    <testcase name="Parser Utils Parse price text 3.50     € text" time="0.001" classname="text 3.50     € text">
    </testcase>
    <testcase name="Parser Utils Parse price text 123.45€ text" time="0" classname="text 123.45€ text">
    </testcase>
    <testcase name="Parser Utils Parse price text 5€ text" time="0" classname="text 5€ text">
    </testcase>
    <testcase name="Parser Utils Parse price text 5 Eur text" time="0" classname="text 5 Eur text">
    </testcase>
    <testcase name="Parser Utils Parse price text 5. euR text" time="0" classname="text 5. euR text">
    </testcase>
    <testcase name="Parser Utils Parse price text 3.50   eur text" time="0" classname="text 3.50   eur text">
    </testcase>
    <testcase name="Parser Utils Parse price text 1eur3.50 text" time="0" classname="text 1eur3.50 text">
    </testcase>
  </testsuite>
  <testsuite name="OCR cleanup" timestamp="2019-11-01T17:22:34" tests="4" file="/home/yohny/web/at11/dist/test/parserUtil.js" failures="0" time="0">
    <testcase name="Parser Utils OCR cleanup texta&apos; textl`" time="0" classname="texta&apos; textl`">
    </testcase>
    <testcase name="Parser Utils OCR cleanup pri&apos;prava môže trvat&apos; 10 minu&apos;t" time="0" classname="pri&apos;prava môže trvat&apos; 10 minu&apos;t">
    </testcase>
    <testcase name="Parser Utils OCR cleanup hlavne&apos; jedlo" time="0" classname="hlavne&apos; jedlo">
    </testcase>
    <testcase name="Parser Utils OCR cleanup duseny` po`r" time="0" classname="duseny` po`r">
    </testcase>
  </testsuite>
  <testsuite name="pizzapazza" timestamp="2019-11-01T17:22:34" tests="0" file="/home/yohny/web/at11/dist/test/pizzapazza.js" failures="0" time="0">
  </testsuite>
  <testsuite name="parsing sample 2018-01-19" timestamp="2019-11-01T17:22:34" tests="4" file="/home/yohny/web/at11/dist/test/pizzapazza.js" failures="0" time="0">
    <testcase name="pizzapazza parsing sample 2018-01-19 should return 3 items" time="0" classname="should return 3 items">
    </testcase>
    <testcase name="pizzapazza parsing sample 2018-01-19 1st item correct" time="0" classname="1st item correct">
    </testcase>
    <testcase name="pizzapazza parsing sample 2018-01-19 2rd item correct" time="0" classname="2rd item correct">
    </testcase>
    <testcase name="pizzapazza parsing sample 2018-01-19 3nd item correct" time="0" classname="3nd item correct">
    </testcase>
  </testsuite>
  <testsuite name="Text extension methods" timestamp="2019-11-01T17:22:34" tests="0" file="/home/yohny/web/at11/dist/test/stringExtensions.js" failures="0" time="0">
  </testsuite>
  <testsuite name="Remove item numbering" timestamp="2019-11-01T17:22:34" tests="6" file="/home/yohny/web/at11/dist/test/stringExtensions.js" failures="0" time="0">
    <testcase name="Text extension methods Remove item numbering 1.) Kurací steak s bylinkovou omáčkou, pečené zemiaky, obloha" time="0" classname="1.) Kurací steak s bylinkovou omáčkou, pečené zemiaky, obloha">
    </testcase>
    <testcase name="Text extension methods Remove item numbering Držková polievka, chlieb" time="0" classname="Držková polievka, chlieb">
    </testcase>
    <testcase name="Text extension methods Remove item numbering 3 .350g Zapekaná brokolica so syrom, varené zemiaky, šalát" time="0" classname="3 .350g Zapekaná brokolica so syrom, varené zemiaky, šalát">
    </testcase>
    <testcase name="Text extension methods Remove item numbering  l. Sviečková na smotane" time="0" classname=" l. Sviečková na smotane">
    </testcase>
    <testcase name="Text extension methods Remove item numbering 2.A 200 g Šošovicová omáčka s volským okom, chlieb € 3,50" time="0" classname="2.A 200 g Šošovicová omáčka s volským okom, chlieb € 3,50">
    </testcase>
    <testcase name="Text extension methods Remove item numbering 1, 150g Kuracie prsia na nivovje omáčke dusená ryža, šalát 3,80 €" time="0" classname="1, 150g Kuracie prsia na nivovje omáčke dusená ryža, šalát 3,80 €">
    </testcase>
  </testsuite>
  <testsuite name="Remove metrics" timestamp="2019-11-01T17:22:34" tests="8" file="/home/yohny/web/at11/dist/test/stringExtensions.js" failures="0" time="0">
    <testcase name="Text extension methods Remove metrics 1.   Znojemská hovädzia pečienka 64/150g, tarhoňa 190g" time="0" classname="1.   Znojemská hovädzia pečienka 64/150g, tarhoňa 190g">
    </testcase>
    <testcase name="Text extension methods Remove metrics Sviečková na smotane 64/ 1 50g, knedľa 160g" time="0" classname="Sviečková na smotane 64/ 1 50g, knedľa 160g">
    </testcase>
    <testcase name="Text extension methods Remove metrics Držková polievka, chlieb" time="0" classname="Držková polievka, chlieb">
    </testcase>
    <testcase name="Text extension methods Remove metrics 150g.GRILOVANÁ PANENKA, OMÁČKA Z LESNÝCH KURIATOK, PEČENÉ ZEMIAKY 4,20€" time="0" classname="150g.GRILOVANÁ PANENKA, OMÁČKA Z LESNÝCH KURIATOK, PEČENÉ ZEMIAKY 4,20€">
    </testcase>
    <testcase name="Text extension methods Remove metrics 1o0g bravčové pečené, kapusta, knedľa" time="0" classname="1o0g bravčové pečené, kapusta, knedľa">
    </testcase>
    <testcase name="Text extension methods Remove metrics 1OOg bravčové pečené, kapusta, knedľa" time="0" classname="1OOg bravčové pečené, kapusta, knedľa">
    </testcase>
    <testcase name="Text extension methods Remove metrics 10Og bravčové pečené, kapusta, knedľa" time="0" classname="10Og bravčové pečené, kapusta, knedľa">
    </testcase>
    <testcase name="Text extension methods Remove metrics menu č.4  po vypredaní menu č. 1 a 2 do 13:00 h: 180 g Vyprážaný kurací rezeň s opekanými zemiakmi, tatárska omáčka" time="0" classname="menu č.4  po vypredaní menu č. 1 a 2 do 13:00 h: 180 g Vyprážaný kurací rezeň s opekanými zemiakmi, tatárska omáčka">
    </testcase>
  </testsuite>
  <testsuite name="Normalize whitespace" timestamp="2019-11-01T17:22:34" tests="2" file="/home/yohny/web/at11/dist/test/stringExtensions.js" failures="0" time="0">
    <testcase name="Text extension methods Normalize whitespace 1.   Znojemská hovädzia pečienka 64/150g, tarhoňa 190g" time="0" classname="1.   Znojemská hovädzia pečienka 64/150g, tarhoňa 190g">
    </testcase>
    <testcase name="Text extension methods Normalize whitespace Držková polievka, chlieb" time="0" classname="Držková polievka, chlieb">
    </testcase>
  </testsuite>
  <testsuite name="Consistent whitespace used" timestamp="2019-11-01T17:22:34" tests="4" file="/home/yohny/web/at11/dist/test/stringExtensions.js" failures="0" time="0">
    <testcase name="Text extension methods Consistent whitespace used text text text" time="0" classname="text text text">
    </testcase>
    <testcase name="Text extension methods Consistent whitespace used text  text" time="0" classname="text  text">
    </testcase>
    <testcase name="Text extension methods Consistent whitespace used text text text" time="0" classname="text text text">
    </testcase>
    <testcase name="Text extension methods Consistent whitespace used  text " time="0" classname=" text ">
    </testcase>
  </testsuite>
  <testsuite name="Correct comma spacing" timestamp="2019-11-01T17:22:34" tests="5" file="/home/yohny/web/at11/dist/test/stringExtensions.js" failures="0" time="0">
    <testcase name="Text extension methods Correct comma spacing Znojemská hovädzia pečienka , tarhoňa " time="0" classname="Znojemská hovädzia pečienka , tarhoňa ">
    </testcase>
    <testcase name="Text extension methods Correct comma spacing Držková polievka, chlieb" time="0" classname="Držková polievka, chlieb">
    </testcase>
    <testcase name="Text extension methods Correct comma spacing Držková polievka,chlieb" time="0" classname="Držková polievka,chlieb">
    </testcase>
    <testcase name="Text extension methods Correct comma spacing menu č.4 po vypredaní menu č. 1 a 2 do 13:00 h" time="0" classname="menu č.4 po vypredaní menu č. 1 a 2 do 13:00 h">
    </testcase>
    <testcase name="Text extension methods Correct comma spacing text without comma" time="0" classname="text without comma">
    </testcase>
  </testsuite>
  <testsuite name="Capitalize first letter" timestamp="2019-11-01T17:22:34" tests="1" file="/home/yohny/web/at11/dist/test/stringExtensions.js" failures="0" time="0">
    <testcase name="Text extension methods Capitalize first letter držková polievka, chlieb" time="0" classname="držková polievka, chlieb">
    </testcase>
  </testsuite>
</testsuites>